[cyborgonics.b12sites.com/index.html]
[backblue.gif]
[fade.gif]
[index.html]
[code.jquery.com/jquery-3.3.1.min.js]
[cyborgonics.b12sites.com/assets/fonts/raleway-cyrillic-ext-normal-300.woff2]
[cyborgonics.b12sites.com/assets/fonts/raleway-cyrillic-normal-300.woff2]
[cyborgonics.b12sites.com/assets/fonts/raleway-vietnamese-normal-300.woff2]
[cyborgonics.b12sites.com/assets/fonts/raleway-latin-ext-normal-300.woff2]
[cyborgonics.b12sites.com/assets/fonts/raleway-latin-normal-300.woff2]
[cyborgonics.b12sites.com/assets/fonts/raleway-cyrillic-ext-normal-400.woff2]
[cyborgonics.b12sites.com/assets/fonts/raleway-cyrillic-normal-400.woff2]
[cyborgonics.b12sites.com/assets/fonts/raleway-vietnamese-normal-400.woff2]
[cyborgonics.b12sites.com/assets/fonts/raleway-latin-ext-normal-400.woff2]
[cyborgonics.b12sites.com/assets/fonts/raleway-latin-normal-400.woff2]
[cyborgonics.b12sites.com/assets/fonts/raleway-cyrillic-ext-normal-600.woff2]
[cyborgonics.b12sites.com/assets/fonts/raleway-cyrillic-normal-600.woff2]
[cyborgonics.b12sites.com/assets/fonts/raleway-vietnamese-normal-600.woff2]
[cyborgonics.b12sites.com/assets/fonts/raleway-latin-ext-normal-600.woff2]
[cyborgonics.b12sites.com/assets/fonts/raleway-latin-normal-600.woff2]
[cyborgonics.b12sites.com/assets/fonts/raleway-cyrillic-ext-normal-700.woff2]
[cyborgonics.b12sites.com/assets/fonts/raleway-cyrillic-normal-700.woff2]
[cyborgonics.b12sites.com/assets/fonts/raleway-vietnamese-normal-700.woff2]
[cyborgonics.b12sites.com/assets/fonts/raleway-latin-ext-normal-700.woff2]
[cyborgonics.b12sites.com/assets/fonts/raleway-latin-normal-700.woff2]
[cyborgonics.b12sites.com/assets/fonts/raleway-cyrillic-ext-normal-800.woff2]
[cyborgonics.b12sites.com/assets/fonts/raleway-cyrillic-normal-800.woff2]
[cyborgonics.b12sites.com/assets/fonts/raleway-vietnamese-normal-800.woff2]
[cyborgonics.b12sites.com/assets/fonts/raleway-latin-ext-normal-800.woff2]
[cyborgonics.b12sites.com/assets/fonts/raleway-latin-normal-800.woff2]
[cyborgonics.b12sites.com/assets/fonts/sourcesanspro-cyrillic-ext-normal-300.woff2]
[cyborgonics.b12sites.com/assets/fonts/sourcesanspro-cyrillic-normal-300.woff2]
[cyborgonics.b12sites.com/assets/fonts/sourcesanspro-greek-ext-normal-300.woff2]
[cyborgonics.b12sites.com/assets/fonts/sourcesanspro-greek-normal-300.woff2]
[cyborgonics.b12sites.com/assets/fonts/sourcesanspro-vietnamese-normal-300.woff2]
[cyborgonics.b12sites.com/assets/fonts/sourcesanspro-latin-ext-normal-300.woff2]
[cyborgonics.b12sites.com/assets/fonts/sourcesanspro-latin-normal-300.woff2]
[cyborgonics.b12sites.com/assets/fonts/fontawesome-webfont-674f50d287a8c48dc19ba404d20fe713.eot]
[cyborgonics.b12sites.com/assets/fonts/fontawesome-webfont-674f50d287a8c48dc19ba404d20fe713d41d.eot]
[cyborgonics.b12sites.com/assets/fonts/fontawesome-webfont-fee66e712a8a08eef5805a46892932ad.46.delayed]
[cyborgonics.b12sites.com/assets/fonts/fontawesome-webfont-fee66e712a8a08eef5805a46892932ad.woff]
[cyborgonics.b12sites.com/assets/fonts/fontawesome-webfont-b06871f281fee6b241d60582ae9369b9.ttf]
[cyborgonics.b12sites.com/assets/fonts/fontawesome-webfont-912ec66d7572ff821749319396470bde.svg]
[cyborgonics.b12sites.com/assets/fonts/ajax-loader-c5cd7f5300576ab4c88202b42f6ded62.gif]
[cyborgonics.b12sites.com/assets/fonts/slick-ced611daf7709cc778da928fec876475.eot]
[cyborgonics.b12sites.com/assets/fonts/slick-ced611daf7709cc778da928fec876475d41d.eot]
[cyborgonics.b12sites.com/assets/fonts/slick-b7c9e1e479de3b53f1e4e30ebac2403a.woff]
[cyborgonics.b12sites.com/assets/fonts/slick-d41f55a78e6f49a5512878df1737e58a.ttf]
[cyborgonics.b12sites.com/assets/fonts/slick-f97e3bbf73254b0112091d0192f17aec.svg]
[cyborgonics.b12sites.com/index-2.html]
[cdn.b12.io/client_media/DEzRDpCv/0ce06db0-99c9-11ef-96e1-0242ac110002-jpg-regular_image.jpg]
[cyborgonics.b12sites.com/team.html]
[cyborgonics.b12sites.com/how-it-works.html]
[cyborgonics.b12sites.com/window.61.delayed]
[cdn.b12.io/client_media/DEzRDpCv/1368e374-99c9-11ef-8464-0242ac110002-jpg-hero_image.jpg]
[cdn.b12.io/client_media/DEzRDpCv/d23014ae-99c8-11ef-b4a5-0242ac110002-jpg-hero_image.jpg]
[cyborgonics.b12sites.com/assets/bundle-26df06bbde665912c7803cd668f15047.js]
[cdn.b12.io/prod_traffic/global.js]
[www.google.com/recaptcha/apifb47.js]
[cyborgonics.b12sites.com/index.html]
[cyborgonics.b12sites.com/assets/fonts/fontawesome-webfont-fee66e712a8a08eef5805a46892932ad.html]
[cyborgonics.b12sites.com/assets/fonts/fontawesome-webfont-912ec66d7572ff821749319396470bde.svg]
[cyborgonics.b12sites.com/assets/fonts/slick-f97e3bbf73254b0112091d0192f17aec.svg]
[cyborgonics.b12sites.com/index-2.html]
[cdn.b12.io/client_media/DEzRDpCv/d236a8be-99c8-11ef-86d7-0242ac110002-jpg-hero_image.jpg]
[cyborgonics.b12sites.com/dr-arjun-kumar.html]
[cdn.b12.io/media/6f796fdc-3cb3-11e8-9f2d-0242ac11000f-jpg-hero_image.jpg]
[cyborgonics.b12sites.com/sofia-mendes.html]
[cdn.b12.io/media/6ee0e334-3cb3-11e8-9f2d-0242ac11000f-jpg-regular_image.jpg]
[cdn.b12.io/media/497798a4-3cb3-11e8-9f2d-0242ac11000f-jpg-hero_image.jpg]
[cyborgonics.b12sites.com/rajesh-iyer.html]
[cdn.b12.io/media/48e680e4-3cb3-11e8-9f2d-0242ac11000f-jpg-regular_image.jpg]
[cyborgonics.b12sites.com/team.html]
[cdn.b12.io/client_media/DEzRDpCv/d294e3ac-99c8-11ef-a93c-0242ac110002-jpg-hero_image.jpg]
[cdn.b12.io/client_media/DEzRDpCv/d5e0f686-99c8-11ef-a93c-0242ac110002-jpg-hero_image.jpg]
[cdn.b12.io/client_media/DEzRDpCv/d60d4362-99c8-11ef-a93c-0242ac110002-jpg-regular_image.jpg]
[cdn.b12.io/client_media/DEzRDpCv/d5a0e0aa-99c8-11ef-a93c-0242ac110002-jpg-hero_image.jpg]
[cdn.b12.io/client_media/DEzRDpCv/d63658a6-99c8-11ef-a93c-0242ac110002-jpg-regular_image.jpg]
[cdn.b12.io/client_media/DEzRDpCv/d68b027a-99c8-11ef-a93c-0242ac110002-jpg-hero_image.jpg]
[cdn.b12.io/client_media/DEzRDpCv/d6e50aae-99c8-11ef-a93c-0242ac110002-jpg-regular_image.jpg]
[cyborgonics.b12sites.com/how-it-works.html]
[cyborgonics.b12sites.com/window.html]
[cyborgonics.b12sites.com/dr-arjun-kumar.html]
[cyborgonics.b12sites.com/sofia-mendes.html]
[cyborgonics.b12sites.com/rajesh-iyer.html]
